// Jest Snapshot v1, https://goo.gl/fbAQLP

exports[`should render Expense List Item 1`] = `
<Link
  className="list-item"
  to="/edit/1"
>
  <div>
    <h3
      className="list-item__title"
    >
      Water
    </h3>
    <span
      className="list-item__subtitle"
    >
      May 2nd, 1977
    </span>
  </div>
  <h3
    className="list-item__data"
  >
    $3,000.00
  </h3>
</Link>
`;
